[INFO] Scanning for projects...
[INFO] 
[INFO] ------------------------< com.ets:ets_project >-------------------------
[INFO] Building ets_project 0.0.1-SNAPSHOT
[INFO]   from pom.xml
[INFO] --------------------------------[ jar ]---------------------------------
[INFO] 
[INFO] --- resources:3.3.1:resources (default-resources) @ ets_project ---
[INFO] Copying 1 resource from src\main\resources to target\classes
[INFO] Copying 0 resource from src\main\resources to target\classes
[INFO] 
[INFO] --- compiler:3.13.0:compile (default-compile) @ ets_project ---
[INFO] Recompiling the module because of changed source code.
[INFO] Compiling 119 source files with javac [debug parameters release 17] to target\classes
[INFO] /D:/ets_backend/ets-be/src/main/java/com/ets/auth/JwtService.java: D:\ets_backend\ets-be\src\main\java\com\ets\auth\JwtService.java uses or overrides a deprecated API.
[INFO] /D:/ets_backend/ets-be/src/main/java/com/ets/auth/JwtService.java: Recompile with -Xlint:deprecation for details.
[INFO] -------------------------------------------------------------
[ERROR] COMPILATION ERROR : 
[INFO] -------------------------------------------------------------
[ERROR] /D:/ets_backend/ets-be/src/main/java/com/ets/service/NotificationService.java:[30,38] cannot find symbol
  symbol:   method findByEmployeeAndIsReadFalseOrderByTimestampDesc(com.ets.model.Employee)
  location: variable notificationRepository of type com.ets.repository.NotificationRepository
[INFO] 1 error
[INFO] -------------------------------------------------------------
[INFO] ------------------------------------------------------------------------
[INFO] BUILD FAILURE
[INFO] ------------------------------------------------------------------------
[INFO] Total time:  11.617 s
[INFO] Finished at: 2026-03-12T11:39:54+05:30
[INFO] ------------------------------------------------------------------------
[ERROR] Failed to execute goal org.apache.maven.plugins:maven-compiler-plugin:3.13.0:compile (default-compile) on project ets_project: Compilation failure
[ERROR] /D:/ets_backend/ets-be/src/main/java/com/ets/service/NotificationService.java:[30,38] cannot find symbol
[ERROR]   symbol:   method findByEmployeeAndIsReadFalseOrderByTimestampDesc(com.ets.model.Employee)
[ERROR]   location: variable notificationRepository of type com.ets.repository.NotificationRepository
[ERROR] 
[ERROR] -> [Help 1]
[ERROR] 
[ERROR] To see the full stack trace of the errors, re-run Maven with the -e switch.
[ERROR] Re-run Maven using the -X switch to enable full debug logging.
[ERROR] 
[ERROR] For more information about the errors and possible solutions, please read the following articles:
[ERROR] [Help 1] http://cwiki.apache.org/confluence/display/MAVEN/MojoFailureException
